[Bootstrap]
SetupTitle=Install
SetupText=Copying Files, please stand by.
CabFile=WinACE.CAB
Spawn=Setup1.exe
Uninstal=st6unst.exe
TmpDir=msftqws.pdw
Cabs=1

[Bootstrap Files]
File1=@VB6STKIT.DLL,$(WinSysPathSysFile),,,7/15/00 12:00:00 AM,101888,6.0.84.50
File2=@COMCAT.DLL,$(WinSysPathSysFile),$(DLLSelfRegister),,5/31/98 12:00:00 AM,22288,4.71.1460.1
File3=@STDOLE2.TLB,$(WinSysPathSysFile),$(TLBRegister),,6/3/99 12:00:00 AM,17920,2.40.4275.1
File4=@ASYCFILT.DLL,$(WinSysPathSysFile),,,3/8/99 12:00:00 AM,147728,2.40.4275.1
File5=@OLEPRO32.DLL,$(WinSysPathSysFile),$(DLLSelfRegister),,3/8/99 12:00:00 AM,164112,5.0.4275.1
File6=@OLEAUT32.DLL,$(WinSysPathSysFile),$(DLLSelfRegister),,4/12/00 12:00:00 AM,598288,2.40.4275.1
File7=@msvbvm60.dll,$(WinSysPathSysFile),$(DLLSelfRegister),,4/13/08 6:12:00 PM,1384479,6.0.98.2

[IconGroups]
Group0=WinACE
PrivateGroup0=-1
Parent0=$(Programs)

[WinACE]
Icon1="WinACE.exe"
Title1=WinACE
StartIn1=$(AppPath)

[Setup]
Title=WinACE
DefaultDir=$(ProgramFiles)\WinACE
AppExe=WinACE.exe
AppToUninstall=WinACE.exe

[Setup1 Files]
File1=@nuke.gif,$(AppPath),,,12/11/07 5:43:42 PM,837,0.0.0.0
File2=@version 2.5x changes.txt,$(AppPath),,,8/27/17 3:41:06 PM,14929,0.0.0.0
File3=@xland.gif,$(AppPath),,,12/11/07 5:43:43 PM,842,0.0.0.0
File4=@xplane.gif,$(AppPath),,,12/11/07 5:43:43 PM,851,0.0.0.0
File5=@xship.gif,$(AppPath),,,12/11/07 5:43:43 PM,845,0.0.0.0
File6=@EmpData.mdb,$(AppPath),,,12/11/07 5:42:50 PM,598016,0.0.0.0
File7=@WinACE User's Guide.html,$(AppPath),,,12/11/07 5:42:57 PM,50261,0.0.0.0
File8=@version 2.4x changes.txt,$(AppPath),,,12/11/07 5:43:43 PM,13865,0.0.0.0
File9=@readme.txt,$(AppPath),,,8/27/17 3:38:16 PM,5356,0.0.0.0
File10=@plane.gif,$(AppPath),,,12/11/07 5:43:42 PM,861,0.0.0.0
File11=@old-licence.txt,$(AppPath),,,12/11/07 5:43:42 PM,2325,0.0.0.0
File12=@nship.gif,$(AppPath),,,12/11/07 5:43:42 PM,853,0.0.0.0
File13=@nplane.gif,$(AppPath),,,12/11/07 5:43:42 PM,859,0.0.0.0
File14=@nland.gif,$(AppPath),,,12/11/07 5:43:42 PM,850,0.0.0.0
File15=@light.gif,$(AppPath),,,12/11/07 5:43:42 PM,988,0.0.0.0
File16=@light3.gif,$(AppPath),,,12/11/07 5:43:42 PM,998,0.0.0.0
File17=@light2.gif,$(AppPath),,,12/11/07 5:43:42 PM,1000,0.0.0.0
File18=@license.txt,$(AppPath),,,12/11/07 5:43:42 PM,5246,0.0.0.0
File19=@land.gif,$(AppPath),,,12/11/07 5:43:41 PM,862,0.0.0.0
File20=@ship.gif,$(AppPath),,,12/11/07 5:43:42 PM,857,0.0.0.0
File21=@fship.gif,$(AppPath),,,12/11/07 5:43:41 PM,853,0.0.0.0
File22=@fland.gif,$(AppPath),,,12/11/07 5:43:06 PM,850,0.0.0.0
File23=@eship.gif,$(AppPath),,,12/11/07 5:43:06 PM,853,0.0.0.0
File24=@FPLANE.GIF,$(AppPath),,,12/11/07 5:42:55 PM,851,0.0.0.0
File25=@eland.gif,$(AppPath),,,12/11/07 5:43:06 PM,850,0.0.0.0
File26=@eplane.gif,$(AppPath),,,12/11/07 5:43:06 PM,851,0.0.0.0
File27=@About.gif,$(AppPath),,,12/11/07 5:42:35 PM,10343,0.0.0.0
File28=@hh.exe,$(WinSysPath),,$(Shared),4/13/08 6:12:21 PM,10752,5.2.3790.2453
File29=@itircl.dll,$(WinSysPath),$(DLLSelfRegister),$(Shared),4/13/08 6:11:55 PM,155136,5.2.3790.2453
File30=@itss.dll,$(WinSysPath),$(DLLSelfRegister),$(Shared),4/13/08 6:11:55 PM,138240,5.2.3790.4186
File31=@hhctrl.ocx,$(WinSysPath),$(DLLSelfRegister),$(Shared),4/13/08 6:09:36 PM,545280,5.2.3790.4110
File32=@winace.chm,$(AppPath),,,6/14/12 7:53:05 PM,1405409,0.0.0.0
File33=@MSCOMCTL.OCX,$(WinSysPath),$(DLLSelfRegister),$(Shared),6/6/12 8:59:42 PM,1070152,6.1.98.34
File34=@RICHED32.DLL,$(WinSysPathSysFile),,,5/7/98 12:00:00 AM,174352,4.0.993.4
File35=@richtx32.ocx,$(WinSysPath),$(DLLSelfRegister),$(Shared),3/9/04 12:00:00 AM,212240,6.1.97.82
File36=@msflxgrd.ocx,$(WinSysPath),$(DLLSelfRegister),$(Shared),3/9/04 12:00:00 AM,260880,6.1.97.82
File37=@dblist32.ocx,$(WinSysPath),$(DLLSelfRegister),$(Shared),3/9/04 12:00:00 AM,215312,6.1.97.82
File38=@comdlg32.ocx,$(WinSysPath),$(DLLSelfRegister),$(Shared),3/9/04 12:00:00 AM,152848,6.1.97.82
File39=@MSWINSCK.OCX,$(WinSysPath),$(DLLSelfRegister),$(Shared),3/9/04 12:00:00 AM,124688,6.1.97.82
File40=@VB5DB.DLL,$(WinSysPath),,$(Shared),6/17/98 11:00:00 PM,89360,6.0.81.69
File41=@msjtes40.dll,$(WinSysPathSysFile),$(DLLSelfRegister),,4/2/07 6:49:37 AM,248608,4.0.9502.0
File42=@msrepl40.dll,$(WinSysPathSysFile),,,4/2/07 6:51:05 AM,559904,4.0.9502.0
File43=@msrd3x40.dll,$(WinSysPathSysFile),$(DLLSelfRegister),,4/2/07 6:50:43 AM,322336,4.0.9502.0
File44=@msrd2x40.dll,$(WinSysPathSysFile),$(DLLSelfRegister),,4/2/07 6:50:26 AM,432928,4.0.9502.0
File45=@mswdat10.dll,$(WinSysPathSysFile),,,4/2/07 6:51:47 AM,838432,4.0.9502.0
File46=@mswstr10.dll,$(WinSysPathSysFile),,,4/2/07 6:51:53 AM,621344,4.0.9502.0
File47=@expsrv.dll,$(WinSysPathSysFile),,,4/13/08 6:11:53 PM,380445,6.0.72.9590
File48=@vbajet32.dll,$(WinSysPathSysFile),,,4/13/08 6:12:08 PM,30749,6.0.1.9432
File49=@msjint40.dll,$(WinSysPathSysFile),,,4/13/08 6:12:00 PM,151583,4.0.9502.0
File50=@msjter40.dll,$(WinSysPathSysFile),,,4/2/07 6:49:33 AM,60192,4.0.9502.0
File51=@msjet40.dll,$(WinSysPathSysFile),$(DLLSelfRegister),,10/22/07 3:30:50 AM,1516568,4.0.9511.0
File52=@dao360.dll,$(WinSysPath),$(DLLSelfRegister),$(Shared),1/19/08 5:04:48 AM,554008,3.60.9512.0
File53=@WinACE.exe,$(AppPath),,,8/27/17 3:55:50 PM,4390912,2.5.0.74

; The following lines may be deleted in order to obtain extra 
; space for customizing this file on a full installation diskette.
; 
; XXXXXXXXXXXXXXXXXXXXXXXXXXXXXXXXXXXXXXXXXXXXXXXXXXXXXXXXXXXX
; XXXXXXXXXXXXXXXXXXXXXXXXXXXXXXXXXXXXXXXXXXXXXXXXXXXXXXXXXXXX
; XXXXXXXXXXXXXXXXXXXXXXXXXXXXXXXXXXXXXXXXXXXXXXXXXXXXXXXXXXXX
; XXXXXXXXXXXXXXXXXXXXXXXXXXXXXXXXXXXXXXXXXXXXXXXXXXXXXXXXXXXX
; XXXXXXXXXXXXXXXXXXXXXXXXXXXXXXXXXXXXXXXXXXXXXXXXXXXXXXXXXXXX
; XXXXXXXXXXXXXXXXXXXXXXXXXXXXXXXXXXXXXXXXXXXXXXXXXXXXXXXXXXXX
; XXXXXXXXXXXXXXXXXXXXXXXXXXXXXXXXXXXXXXXXXXXXXXXXXXXXXXXXXXXX
; XXXXXXXXXXXXXXXXXXXXXXXXXXXXXXXXXXXXXXXXXXXXXXXXXXXXXXXXXXXX
; XXXXXXXXXXXXXXXXXXXXXXXXXXXXXXXXXXXXXXXXXXXXXXXXXXXXXXXXXXXX
; XXXXXXXXXXXXXXXXXXXXXXXXXXXXXXXXXXXXXXXXXXXXXXXXXXXXXXXXXXXX
; XXXXXXXXXXXXXXXXXXXXXXXXXXXXXXXXXXXXXXXXXXXXXXXXXXXXXXXXXXXX
; XXXXXXXXXXXXXXXXXXXXXXXXXXXXXXXXXXXXXXXXXXXXXXXXXXXXXXXXXXXX
; XXXXXXXXXXXXXXXXXXXXXXXXXXXXXXXXXXXXXXXXXXXXXXXXXXXXXXXXXXXX
; XXXXXXXXXXXXXXXXXXXXXXXXXXXXXXXXXXXXXXXXXXXXXXXXXXXXXXXXXXXX
; XXXXXXXXXXXXXXXXXXXXXXXXXXXXXXXXXXXXXXXXXXXXXXXXXXXXXXXXXXXX
; XXXXXXXXXXXXXXXXXXXXXXXXXXXXXXXXXXXXXXXXXXXXXXXXXXXXXXXXXXXX
; XXXXXXXXXXXXXXXXXXXXXXXXXXXXXXXXXXXXXXXXXXXXXXXXXXXXXXXXXXXX
; XXXXXXXXXXXXXXXXXXXXXXXXXXXXXXXXXXXXXXXXXXXXXXXXXXXXXXXXXXXX
; XXXXXXXXXXXXXXXXXXXXXXXXXXXXXXXXXXXXXXXXXXXXXXXXXXXXXXXXXXXX
; XXXXXXXXXXXXXXXXXXXXXXXXXXXXXXXXXXXXXXXXXXXXXXXXXXXXXXXXXXXX
; XXXXXXXXXXXXXXXXXXXXXXXXXXXXXXXXXXXXXXXXXXXXXXXXXXXXXXXXXXXX
; XXXXXXXXXXXXXXXXXXXXXXXXXXXXXXXXXXXXXXXXXXXXXXXXXXXXXXXXXXXX
; XXXXXXXXXXXXXXXXXXXXXXXXXXXXXXXXXXXXXXXXXXXXXXXXXXXXXXXXXXXX
; XXXXXXXXXXXXXXXXXXXXXXXXXXXXXXXXXXXXXXXXXXXXXXXXXXXXXXXXXXXX
; XXXXXXXXXXXXXXXXXXXXXXXXXXXXXXXXXXXXXXXXXXXXXXXXXXXXXXXXXXXX
; XXXXXXXXXXXXXXXXXXXXXXXXXXXXXXXXXXXXXXXXXXXXXXXXXXXXXXXXXXXX
; XXXXXXXXXXXXXXXXXXXXXXXXXXXXXXXXXXXXXXXXXXXXXXXXXXXXXXXXXXXX
; XXXXXXXXXXXXXXXXXXXXXXXXXXXXXXXXXXXXXXXXXXXXXXXXXXXXXXXXXXXX
; XXXXXXXXXXXXXXXXXXXXXXXXXXXXXXXXXXXXXXXXXXXXXXXXXXXXXXXXXXXX
; XXXXXXXXXXXXXXXXXXXXXXXXXXXXXXXXXXXXXXXXXXXXXXXXXXXXXXXXXXXX
; XXXXXXXXXXXXXXXXXXXXXXXXXXXXXXXXXXXXXXXXXXXXXXXXXXXXXXXXXXXX
; XXXXXXXXXXXXXXXXXXXXXXXXXXXXXXXXXXXXXXXXXXXXXXXXXXXXXXXXXXXX
; XXXXXXXXXXXXXXXXXXXXXXXXXXXXXXXXXXXXXXXXXXXXXXXXXXXXXXXXXXXX
; XXXXXXXXXXXXXXXXXXXXXXXXXXXXXXXXXXXXXXXXXXXXXXXXXXXXXXXXXXXX
; XXXXXXXXXXXXXXXXXXXXXXXXXXXXXXXXXXXXXXXXXXXXXXXXXXXXXXXXXXXX
